// Jest Snapshot v1, https://goo.gl/fbAQLP

exports[`Creates a component renders correctly 1`] = `
<div
  className="row Student-container"
>
  <div>
    <form>
      <input
        id="Search-input"
        onChange={[Function]}
        placeholder="Search by name"
        type="text"
      />
      <input
        id="Search-input"
        onChange={[Function]}
        placeholder="Search by tag"
        type="text"
      />
    </form>
  </div>
</div>
`;
